.boot {
  background: red; }

/*# sourceMappingURL=ember-cli-packages-demo.css.map */
