<!DOCTYPE html>
<html>
  <head>
    <meta charset="utf-8">
    <meta http-equiv="X-UA-Compatible" content="IE=Edge,chrome=1">
    <title>Title</title>


    
<meta name="ember-cli-packages-demo/config/environment" content="%7B%22modulePrefix%22%3A%22ember-cli-packages-demo%22%2C%22environment%22%3A%22development%22%2C%22baseURL%22%3A%22/%22%2C%22locationType%22%3A%22hash%22%2C%22packageNames%22%3A%5B%22package1%22%2C%22package2%22%5D%2C%22bundles%22%3A%5B%7B%22name%22%3A%22package1%22%2C%22packages%22%3A%5B%22package1%22%5D%2C%22handledRoutesPatterns%22%3A%5B%22/package1%22%5D%7D%2C%7B%22name%22%3A%22package2%22%2C%22packages%22%3A%5B%22package2%22%5D%2C%22handledRoutesPatterns%22%3A%5B%22/package2%22%5D%7D%5D%2C%22EmberENV%22%3A%7B%22FEATURES%22%3A%7B%7D%7D%2C%22APP%22%3A%7B%7D%2C%22exportApplicationGlobal%22%3Atrue%7D" />

    <link rel="stylesheet" href="assets/vendor.css">
    <link rel="stylesheet" href="assets/ember-cli-packages-demo.css">

    
  </head>
  <body>
    

    <script src="assets/vendor.js"></script>
    <script src="assets/ember-cli-packages-demo.js"></script>

    
  </body>
</html>
