.package2 {
  background: green; }

/*# sourceMappingURL=package2.css.map */
